#
# A fatal error has been detected by the Java Runtime Environment:
#
#  EXCEPTION_ACCESS_VIOLATION (0xc0000005) at pc=0x00007ffec72b70e0, pid=14988, tid=17740
#
# JRE version: OpenJDK Runtime Environment Corretto-21.0.2.13.1 (21.0.2+13) (build 21.0.2+13-LTS)
# Java VM: OpenJDK 64-Bit Server VM Corretto-21.0.2.13.1 (21.0.2+13-LTS, mixed mode, sharing, tiered, compressed oops, compressed class ptrs, g1 gc, windows-amd64)
# Problematic frame:
# C  [glfw.dll+0x70e0]
#
# No core dump will be written. Minidumps are not enabled by default on client versions of Windows
#
# If you would like to submit a bug report, please visit:
#   https://github.com/corretto/corretto-21/issues/
# The crash happened outside the Java Virtual Machine in native code.
# See problematic frame for where to report the bug.
#

---------------  S U M M A R Y ------------

Command Line: -Djava.library.path=target/natives -javaagent:D:\IDE\IntelliJ IDEA 2023.3.4\lib\idea_rt.jar=62443:D:\IDE\IntelliJ IDEA 2023.3.4\bin -Dfile.encoding=UTF-8 -Dsun.stdout.encoding=UTF-8 -Dsun.stderr.encoding=UTF-8 org.example.Main

Host: 11th Gen Intel(R) Core(TM) i7-1165G7 @ 2.80GHz, 8 cores, 15G,  Windows 11 , 64 bit Build 26100 (10.0.26100.4484)
Time: Fri Jul 25 12:09:05 2025 SE Asia Standard Time elapsed time: 50.095497 seconds (0d 0h 0m 50s)

---------------  T H R E A D  ---------------

Current thread (0x000001fd15729560):  JavaThread "main"             [_thread_in_native, id=17740, stack(0x00000011f6400000,0x00000011f6500000) (1024K)]

Stack: [0x00000011f6400000,0x00000011f6500000],  sp=0x00000011f64ff600,  free space=1021k
Native frames: (J=compiled Java code, j=interpreted, Vv=VM code, C=native code)
C  [glfw.dll+0x70e0]

Java frames: (J=compiled Java code, j=interpreted, Vv=VM code)
J 732  org.lwjgl.system.JNI.invokePV(JJ)V (0 bytes) @ 0x000001fd2590961c [0x000001fd259095c0+0x000000000000005c]
j  org.lwjgl.glfw.GLFW.glfwDestroyWindow(J)V+6
j  org.example.Main.main([Ljava/lang/String;)V+92
v  ~StubRoutines::call_stub 0x000001fd253310e7

siginfo: EXCEPTION_ACCESS_VIOLATION (0xc0000005), reading address 0x0000000000000000


Registers:
RAX=0x00007ffec72c4b40, RBX=0x000001fd34c48150, RCX=0x0000000000000000, RDX=0x00007ffec7327de8
RSP=0x00000011f64ff600, RBP=0x00000011f64ff690, RSI=0x0000000000000110, RDI=0x0000000000002395
R8 =0x000001fd34c48150, R9 =0x00007ffec72b7030, R10=0x00007ffe953579bf, R11=0x000001fd259095e0
R12=0x0000000000000000, R13=0x00000011f64ff6a0, R14=0x00000011f64ff680, R15=0x000001fd15729560
RIP=0x00007ffec72b70e0, EFLAGS=0x0000000000010283


Register to memory mapping:

RAX=0x00007ffec72c4b40 glfw.dll
RBX=0x000001fd34c48150 points into unknown readable memory: 0x0000000000000000 | 00 00 00 00 00 00 00 00
RCX=0x0 is null
RDX=0x00007ffec7327de8 glfw.dll
RSP=0x00000011f64ff600 is pointing into the stack for thread: 0x000001fd15729560
RBP=0x00000011f64ff690 is pointing into the stack for thread: 0x000001fd15729560
RSI=0x0000000000000110 is an unknown value
RDI=0x0000000000002395 is an unknown value
R8 =0x000001fd34c48150 points into unknown readable memory: 0x0000000000000000 | 00 00 00 00 00 00 00 00
R9 =0x00007ffec72b7030 glfw.dll
R10=0x00007ffe953579bf jvm.dll
R11=0x000001fd259095e0 is at entry_point+32 in (nmethod*)0x000001fd25909410
Compiled method (n/a)   50162  732     n 0       org.lwjgl.system.JNI::invokePV (native)
 total in heap  [0x000001fd25909410,0x000001fd259097e8] = 984
 relocation     [0x000001fd25909570,0x000001fd259095a8] = 56
 main code      [0x000001fd259095c0,0x000001fd259097db] = 539
 stub code      [0x000001fd259097db,0x000001fd259097e0] = 5
 oops           [0x000001fd259097e0,0x000001fd259097e8] = 8
R12=0x0 is null
R13=0x00000011f64ff6a0 is pointing into the stack for thread: 0x000001fd15729560
R14=0x00000011f64ff680 is pointing into the stack for thread: 0x000001fd15729560
R15=0x000001fd15729560 is a thread

Top of Stack: (sp=0x00000011f64ff600)
0x00000011f64ff600:   00000011f64ff690 000001fd25909ebc
0x00000011f64ff610:   000000000077078c 0000000000000000
0x00000011f64ff620:   000001fd764a2798 000001fd259096b7
0x00000011f64ff630:   00007ffec72b3f40 0000000000000110
0x00000011f64ff640:   000001fd764115f0 00007ffedf3503d9
0x00000011f64ff650:   000001fd15729560 00007ffe94a9aca1
0x00000011f64ff660:   00005ec1edaa18ba 0000000713df3e78
0x00000011f64ff670:   00000011f64ff730 0000000000002392
0x00000011f64ff680:   0000000713df3e78 000001fd1df07554
0x00000011f64ff690:   00000011f64ff708 000001fd25338846
0x00000011f64ff6a0:   00007ffec72b7030 0000000000000000
0x00000011f64ff6b0:   000001fd34c48150 0000000000000000
0x00000011f64ff6c0:   00000011f64ff6c0 000001fd764115be
0x00000011f64ff6d0:   0000000000000005 000001fd764248b0
0x00000011f64ff6e0:   0000000000000000 0000000713f95820
0x00000011f64ff6f0:   000001fd764115f0 00000011f64ff6a0
0x00000011f64ff700:   00000011f64ff728 00000011f64ff780
0x00000011f64ff710:   000001fd25338846 00007ffec72b7030
0x00000011f64ff720:   0000000000000000 000001fd34c48150
0x00000011f64ff730:   0000000000000000 00000011f64ff738
0x00000011f64ff740:   000001fd76407f1c 0000000000000006
0x00000011f64ff750:   000001fd764082e0 0000000000000000
0x00000011f64ff760:   0000000713f658a8 000001fd76408288
0x00000011f64ff770:   00000011f64ff728 00000011f64ff7b0
0x00000011f64ff780:   00000011f64ff990 000001fd253310e7
0x00000011f64ff790:   0000000000000000 000000003f800000
0x00000011f64ff7a0:   000001fd34c48150 0000000000000000
0x00000011f64ff7b0:   0000000713f65f40 0000000000000000
0x00000011f64ff7c0:   0000000000000000 0000000000000000
0x00000011f64ff7d0:   0000000000000000 0000000000000000
0x00000011f64ff7e0:   0000000000000000 0000000000000000
0x00000011f64ff7f0:   0000000000000000 0000000000000000 

Instructions: (pc=0x00007ffec72b70e0)
0x00007ffec72b6fe0:   0f 7f 05 19 09 07 00 48 89 05 52 09 07 00 c7 05
0x00007ffec72b6ff0:   18 09 07 00 18 00 00 00 c7 05 12 09 07 00 08 00
0x00007ffec72b7000:   00 00 c7 05 2c 09 07 00 01 00 00 00 c7 05 ba 0d
0x00007ffec72b7010:   07 00 ff ff ff ff c7 05 6c 09 07 00 01 00 00 00
0x00007ffec72b7020:   48 83 c4 28 c3 cc cc cc cc cc cc cc cc cc cc cc
0x00007ffec72b7030:   40 53 48 83 ec 20 83 3d 33 06 07 00 00 48 8b d9
0x00007ffec72b7040:   75 11 33 d2 b9 01 00 01 00 48 83 c4 20 5b e9 4d
0x00007ffec72b7050:   ae ff ff 48 85 db 0f 84 a5 00 00 00 0f 57 c0 33
0x00007ffec72b7060:   c0 0f 11 81 d0 02 00 00 0f 11 81 e0 02 00 00 0f
0x00007ffec72b7070:   11 81 f0 02 00 00 0f 11 81 00 03 00 00 0f 11 81
0x00007ffec72b7080:   10 03 00 00 0f 11 81 20 03 00 00 0f 11 81 30 03
0x00007ffec72b7090:   00 00 0f 11 81 40 03 00 00 48 89 81 50 03 00 00
0x00007ffec72b70a0:   48 8d 0d 6d 1f 07 00 e8 14 45 00 00 48 3b d8 75
0x00007ffec72b70b0:   07 33 c9 e8 38 ac ff ff 48 8b cb ff 15 c7 06 07
0x00007ffec72b70c0:   00 48 8b 0d 20 0d 07 00 48 8d 15 19 0d 07 00 48
0x00007ffec72b70d0:   3b cb 74 1a 0f 1f 40 00 0f 1f 84 00 00 00 00 00
0x00007ffec72b70e0:   48 8b 01 48 8b d1 48 8b c8 48 3b c3 75 f2 48 8b
0x00007ffec72b70f0:   03 48 8b cb 48 89 02 48 83 c4 20 5b e9 bf b2 ff
0x00007ffec72b7100:   ff 48 83 c4 20 5b c3 cc cc cc cc cc cc cc cc cc
0x00007ffec72b7110:   83 3d 59 05 07 00 00 75 0c 33 d2 b9 01 00 01 00
0x00007ffec72b7120:   e9 7b ad ff ff 48 ff 25 ec 06 07 00 cc cc cc cc
0x00007ffec72b7130:   33 c0 48 85 d2 74 02 89 02 4d 85 c0 74 03 41 89
0x00007ffec72b7140:   00 39 05 29 05 07 00 75 0c 33 d2 b9 01 00 01 00
0x00007ffec72b7150:   e9 4b ad ff ff 48 ff 25 74 06 07 00 cc cc cc cc
0x00007ffec72b7160:   48 83 ec 28 83 3d 05 05 07 00 00 75 13 33 d2 b9
0x00007ffec72b7170:   01 00 01 00 e8 27 ad ff ff 33 c0 48 83 c4 28 c3
0x00007ffec72b7180:   81 fa 10 10 02 00 0f 8f a5 00 00 00 0f 84 97 00
0x00007ffec72b7190:   00 00 8d 82 ff ff fd ff 83 f8 0c 0f 87 2e 01 00
0x00007ffec72b71a0:   00 48 98 4c 8d 05 56 8e ff ff 41 8b 84 80 ec 72
0x00007ffec72b71b0:   00 00 49 03 c0 ff e0 48 83 c4 28 48 ff 25 66 06
0x00007ffec72b71c0:   07 00 48 83 c4 28 48 ff 25 63 06 07 00 48 83 c4
0x00007ffec72b71d0:   28 48 ff 25 60 06 07 00 48 83 c4 28 48 ff 25 5d 


Stack slot to memory mapping:

stack at sp + 0 slots: 0x00000011f64ff690 is pointing into the stack for thread: 0x000001fd15729560
stack at sp + 1 slots: 0x000001fd25909ebc is at entry_point+252 in (nmethod*)0x000001fd25909c10
Compiled method (n/a)   50171  736     n 0       org.lwjgl.system.JNI::invokePI (native)
 total in heap  [0x000001fd25909c10,0x000001fd2590a000] = 1008
 relocation     [0x000001fd25909d70,0x000001fd25909da8] = 56
 main code      [0x000001fd25909dc0,0x000001fd25909ff8] = 568
 oops           [0x000001fd25909ff8,0x000001fd2590a000] = 8
stack at sp + 2 slots: 0x000000000077078c is an unknown value
stack at sp + 3 slots: 0x0 is null
stack at sp + 4 slots: {method} {0x000001fd764a27a0} 'invokePV' '(JJ)V' in 'org/lwjgl/system/JNI'
stack at sp + 5 slots: 0x000001fd259096b7 is at entry_point+247 in (nmethod*)0x000001fd25909410
Compiled method (n/a)   50177  732     n 0       org.lwjgl.system.JNI::invokePV (native)
 total in heap  [0x000001fd25909410,0x000001fd259097e8] = 984
 relocation     [0x000001fd25909570,0x000001fd259095a8] = 56
 main code      [0x000001fd259095c0,0x000001fd259097db] = 539
 stub code      [0x000001fd259097db,0x000001fd259097e0] = 5
 oops           [0x000001fd259097e0,0x000001fd259097e8] = 8
stack at sp + 6 slots: 0x00007ffec72b3f40 glfw.dll
stack at sp + 7 slots: 0x0000000000000110 is an unknown value


Compiled method (n/a)   50194  732     n 0       org.lwjgl.system.JNI::invokePV (native)
 total in heap  [0x000001fd25909410,0x000001fd259097e8] = 984
 relocation     [0x000001fd25909570,0x000001fd259095a8] = 56
 main code      [0x000001fd259095c0,0x000001fd259097db] = 539
 stub code      [0x000001fd259097db,0x000001fd259097e0] = 5
 oops           [0x000001fd259097e0,0x000001fd259097e8] = 8

[Constant Pool (empty)]

[MachCode]
[Entry Point]
  # {method} {0x000001fd764a27a0} 'invokePV' '(JJ)V' in 'org/lwjgl/system/JNI'
  # parm0:    rdx:rdx   = long
  # parm1:    r8:r8     = long
  #           [sp+0x70]  (sp of caller)
  0x000001fd259095c0: 448b 5208 | 49bb 0000 | 0035 fd01 | 0000 4d03 | d349 3bc2 | 0f84 0600 

  0x000001fd259095d8: ;   {runtime_call ic_miss_stub}
  0x000001fd259095d8: 0000 e9a1 | 53a7 ff90 
[Verified Entry Point]
  0x000001fd259095e0: 8984 2400 | 80ff ff55 | 488b ec48 | 83ec 6090 | 4181 7f20 | 0100 0000 

  0x000001fd259095f8: ;   {runtime_call StubRoutines (final stubs)}
  0x000001fd259095f8: 7405 e881 | c7a5 ff4d | 8bc8 4c8b 

  0x000001fd25909604: ;   {oop(a 'java/lang/Class'{0x0000000713df3e78} = 'org/lwjgl/system/JNI')}
  0x000001fd25909604: c249 be78 | 3edf 1307 | 0000 004c | 8974 2450 | 4c8d 7424 | 5049 8bd6 

  0x000001fd2590961c: ;   {internal_word}
  0x000001fd2590961c: c5f8 7749 | ba1c 9690 | 25fd 0100 | 004d 8997 | a003 0000 | 4989 a798 

  0x000001fd25909634: ;   {external_word}
  0x000001fd25909634: 0300 0049 | babf 7935 | 95fe 7f00 | 0041 803a | 000f 844e | 0000 0052 | 4150 4151 

  0x000001fd25909650: ;   {metadata({method} {0x000001fd764a27a0} 'invokePV' '(JJ)V' in 'org/lwjgl/system/JNI')}
  0x000001fd25909650: 48ba 9827 | 4a76 fd01 | 0000 498b | cf48 83ec | 2040 f6c4 | 0f0f 8419 | 0000 0048 

  0x000001fd2590966c: ;   {runtime_call}
  0x000001fd2590966c: 83ec 0848 | b8d0 a4df | 94fe 7f00 | 00ff d048 | 83c4 08e9 | 0c00 0000 

  0x000001fd25909684: ;   {runtime_call}
  0x000001fd25909684: 48b8 d0a4 | df94 fe7f | 0000 ffd0 | 4883 c420 | 4159 4158 | 5a49 8d8f | b803 0000 | 41c7 874c 
  0x000001fd259096a4: 0400 0004 

  0x000001fd259096a8: ;   {runtime_call}
  0x000001fd259096a8: 0000 0048 | b880 1397 | cefe 7f00 | 00ff d0c5 | f877 41c7 | 874c 0400 | 0005 0000 | 00f0 8344 
  0x000001fd259096c8: 24c0 0049 | 3baf 5004 | 0000 0f87 | 0e00 0000 | 4183 bf48 | 0400 0000 | 0f84 2300 | 0000 c5f8 
  0x000001fd259096e8: 7749 8bcf | 4c8b e448 | 83ec 2048 

  0x000001fd259096f4: ;   {runtime_call}
  0x000001fd259096f4: 83e4 f048 | b820 2eab | 94fe 7f00 | 00ff d049 | 8be4 4d33 | e441 c787 | 4c04 0000 | 0800 0000 
  0x000001fd25909714: 4183 bfc8 | 0400 0002 | 0f84 9400 

  0x000001fd25909720: ;   {external_word}
  0x000001fd25909720: 0000 49ba | bf79 3595 | fe7f 0000 | 4180 3a00 | 0f84 4400 

  0x000001fd25909734: ;   {metadata({method} {0x000001fd764a27a0} 'invokePV' '(JJ)V' in 'org/lwjgl/system/JNI')}
  0x000001fd25909734: 0000 48ba | 9827 4a76 | fd01 0000 | 498b cf48 | 83ec 2040 | f6c4 0f0f | 8419 0000 | 0048 83ec 
  0x000001fd25909754: ;   {runtime_call}
  0x000001fd25909754: 0848 b8d0 | a4df 94fe | 7f00 00ff | d048 83c4 | 08e9 0c00 

  0x000001fd25909768: ;   {runtime_call}
  0x000001fd25909768: 0000 48b8 | d0a4 df94 | fe7f 0000 | ffd0 4883 | c420 49c7 | 8798 0300 | 0000 0000 | 0049 c787 
  0x000001fd25909788: a003 0000 | 0000 0000 | c5f8 7749 | 8b8f 2804 | 0000 c781 | 0001 0000 | 0000 0000 | c949 837f 
  0x000001fd259097a8: 0800 0f85 | 0100 0000 

  0x000001fd259097b0: ;   {runtime_call StubRoutines (initial stubs)}
  0x000001fd259097b0: c3e9 4a77 | a2ff c5f8 | 774c 8be4 | 4883 ec20 | 4883 e4f0 

  0x000001fd259097c4: ;   {runtime_call}
  0x000001fd259097c4: 48b8 70dc | df94 fe7f | 0000 ffd0 | 498b e44d | 33e4 e947 | ffff fff4 | f4f4 f4f4 
[/MachCode]


---------------  P R O C E S S  ---------------

Threads class SMR info:
_java_thread_list=0x000001fd7a3fc1a0, length=12, elements={
0x000001fd15729560, 0x000001fd34a1fc70, 0x000001fd34a21440, 0x000001fd34a2c150,
0x000001fd34a2ebc0, 0x000001fd34a30630, 0x000001fd34a3b0b0, 0x000001fd34a3c450,
0x000001fd34a46e00, 0x000001fd34c3f3c0, 0x000001fd34e0a440, 0x000001fd34e0cac0
}

Java Threads: ( => current thread )
=>0x000001fd15729560 JavaThread "main"                              [_thread_in_native, id=17740, stack(0x00000011f6400000,0x00000011f6500000) (1024K)]
  0x000001fd34a1fc70 JavaThread "Reference Handler"          daemon [_thread_blocked, id=15876, stack(0x00000011f6c00000,0x00000011f6d00000) (1024K)]
  0x000001fd34a21440 JavaThread "Finalizer"                  daemon [_thread_blocked, id=9512, stack(0x00000011f6d00000,0x00000011f6e00000) (1024K)]
  0x000001fd34a2c150 JavaThread "Signal Dispatcher"          daemon [_thread_blocked, id=13052, stack(0x00000011f6e00000,0x00000011f6f00000) (1024K)]
  0x000001fd34a2ebc0 JavaThread "Attach Listener"            daemon [_thread_blocked, id=6628, stack(0x00000011f6f00000,0x00000011f7000000) (1024K)]
  0x000001fd34a30630 JavaThread "Service Thread"             daemon [_thread_blocked, id=10192, stack(0x00000011f7000000,0x00000011f7100000) (1024K)]
  0x000001fd34a3b0b0 JavaThread "Monitor Deflation Thread"   daemon [_thread_blocked, id=17216, stack(0x00000011f7100000,0x00000011f7200000) (1024K)]
  0x000001fd34a3c450 JavaThread "C2 CompilerThread0"         daemon [_thread_blocked, id=13508, stack(0x00000011f7200000,0x00000011f7300000) (1024K)]
  0x000001fd34a46e00 JavaThread "C1 CompilerThread0"         daemon [_thread_blocked, id=13296, stack(0x00000011f7300000,0x00000011f7400000) (1024K)]
  0x000001fd34c3f3c0 JavaThread "Common-Cleaner"             daemon [_thread_blocked, id=10884, stack(0x00000011f7400000,0x00000011f7500000) (1024K)]
  0x000001fd34e0a440 JavaThread "Monitor Ctrl-Break"         daemon [_thread_in_native, id=13876, stack(0x00000011f7500000,0x00000011f7600000) (1024K)]
  0x000001fd34e0cac0 JavaThread "Notification Thread"        daemon [_thread_blocked, id=5740, stack(0x00000011f7600000,0x00000011f7700000) (1024K)]
Total: 12

Other Threads:
  0x000001fd349fdb00 VMThread "VM Thread"                           [id=17960, stack(0x00000011f6b00000,0x00000011f6c00000) (1024K)]
  0x000001fd349e4c90 WatcherThread "VM Periodic Task Thread"        [id=15748, stack(0x00000011f6a00000,0x00000011f6b00000) (1024K)]
  0x000001fd15790cd0 WorkerThread "GC Thread#0"                     [id=12036, stack(0x00000011f6500000,0x00000011f6600000) (1024K)]
  0x000001fd1579dab0 ConcurrentGCThread "G1 Main Marker"            [id=9632, stack(0x00000011f6600000,0x00000011f6700000) (1024K)]
  0x000001fd1579f070 WorkerThread "G1 Conc#0"                       [id=4248, stack(0x00000011f6700000,0x00000011f6800000) (1024K)]
  0x000001fd157eeab0 ConcurrentGCThread "G1 Refine#0"               [id=20100, stack(0x00000011f6800000,0x00000011f6900000) (1024K)]
  0x000001fd348baa20 ConcurrentGCThread "G1 Service"                [id=5436, stack(0x00000011f6900000,0x00000011f6a00000) (1024K)]
Total: 7

Threads with active compile tasks:
Total: 0

VM state: not at safepoint (normal execution)

VM Mutex/Monitor currently owned by a thread: None

Heap address: 0x0000000704600000, size: 4026 MB, Compressed Oops mode: Zero based, Oop shift amount: 3

CDS archive(s) mapped at: [0x000001fd35000000-0x000001fd35c90000-0x000001fd35c90000), size 13172736, SharedBaseAddress: 0x000001fd35000000, ArchiveRelocationMode: 1.
Compressed class space mapped at: 0x000001fd36000000-0x000001fd76000000, reserved size: 1073741824
Narrow klass base: 0x000001fd35000000, Narrow klass shift: 0, Narrow klass range: 0x100000000

GC Precious Log:
 CardTable entry size: 512
 Card Set container configuration: InlinePtr #cards 4 size 8 Array Of Cards #cards 16 size 48 Howl #buckets 8 coarsen threshold 3686 Howl Bitmap #cards 512 size 80 coarsen threshold 460 Card regions per heap region 1 cards per card region 4096
 CPUs: 8 total, 8 available
 Memory: 16103M
 Large Page Support: Disabled
 NUMA Support: Disabled
 Compressed Oops: Enabled (Zero based)
 Heap Region Size: 2M
 Heap Min Capacity: 8M
 Heap Initial Capacity: 252M
 Heap Max Capacity: 4026M
 Pre-touch: Disabled
 Parallel Workers: 8
 Concurrent Workers: 2
 Concurrent Refinement Workers: 8
 Periodic GC: Disabled

Heap:
 garbage-first heap   total 258048K, used 8192K [0x0000000704600000, 0x0000000800000000)
  region size 2048K, 5 young (10240K), 0 survivors (0K)
 Metaspace       used 3930K, committed 4096K, reserved 1114112K
  class space    used 250K, committed 320K, reserved 1048576K

Heap Regions: E=young(eden), S=young(survivor), O=old, HS=humongous(starts), HC=humongous(continues), CS=collection set, F=free, TAMS=top-at-mark-start, PB=parsable bottom
|   0|0x0000000704600000, 0x0000000704600000, 0x0000000704800000|  0%| F|  |TAMS 0x0000000704600000| PB 0x0000000704600000| Untracked 
|   1|0x0000000704800000, 0x0000000704800000, 0x0000000704a00000|  0%| F|  |TAMS 0x0000000704800000| PB 0x0000000704800000| Untracked 
|   2|0x0000000704a00000, 0x0000000704a00000, 0x0000000704c00000|  0%| F|  |TAMS 0x0000000704a00000| PB 0x0000000704a00000| Untracked 
|   3|0x0000000704c00000, 0x0000000704c00000, 0x0000000704e00000|  0%| F|  |TAMS 0x0000000704c00000| PB 0x0000000704c00000| Untracked 
|   4|0x0000000704e00000, 0x0000000704e00000, 0x0000000705000000|  0%| F|  |TAMS 0x0000000704e00000| PB 0x0000000704e00000| Untracked 
|   5|0x0000000705000000, 0x0000000705000000, 0x0000000705200000|  0%| F|  |TAMS 0x0000000705000000| PB 0x0000000705000000| Untracked 
|   6|0x0000000705200000, 0x0000000705200000, 0x0000000705400000|  0%| F|  |TAMS 0x0000000705200000| PB 0x0000000705200000| Untracked 
|   7|0x0000000705400000, 0x0000000705400000, 0x0000000705600000|  0%| F|  |TAMS 0x0000000705400000| PB 0x0000000705400000| Untracked 
|   8|0x0000000705600000, 0x0000000705600000, 0x0000000705800000|  0%| F|  |TAMS 0x0000000705600000| PB 0x0000000705600000| Untracked 
|   9|0x0000000705800000, 0x0000000705800000, 0x0000000705a00000|  0%| F|  |TAMS 0x0000000705800000| PB 0x0000000705800000| Untracked 
|  10|0x0000000705a00000, 0x0000000705a00000, 0x0000000705c00000|  0%| F|  |TAMS 0x0000000705a00000| PB 0x0000000705a00000| Untracked 
|  11|0x0000000705c00000, 0x0000000705c00000, 0x0000000705e00000|  0%| F|  |TAMS 0x0000000705c00000| PB 0x0000000705c00000| Untracked 
|  12|0x0000000705e00000, 0x0000000705e00000, 0x0000000706000000|  0%| F|  |TAMS 0x0000000705e00000| PB 0x0000000705e00000| Untracked 
|  13|0x0000000706000000, 0x0000000706000000, 0x0000000706200000|  0%| F|  |TAMS 0x0000000706000000| PB 0x0000000706000000| Untracked 
|  14|0x0000000706200000, 0x0000000706200000, 0x0000000706400000|  0%| F|  |TAMS 0x0000000706200000| PB 0x0000000706200000| Untracked 
|  15|0x0000000706400000, 0x0000000706400000, 0x0000000706600000|  0%| F|  |TAMS 0x0000000706400000| PB 0x0000000706400000| Untracked 
|  16|0x0000000706600000, 0x0000000706600000, 0x0000000706800000|  0%| F|  |TAMS 0x0000000706600000| PB 0x0000000706600000| Untracked 
|  17|0x0000000706800000, 0x0000000706800000, 0x0000000706a00000|  0%| F|  |TAMS 0x0000000706800000| PB 0x0000000706800000| Untracked 
|  18|0x0000000706a00000, 0x0000000706a00000, 0x0000000706c00000|  0%| F|  |TAMS 0x0000000706a00000| PB 0x0000000706a00000| Untracked 
|  19|0x0000000706c00000, 0x0000000706c00000, 0x0000000706e00000|  0%| F|  |TAMS 0x0000000706c00000| PB 0x0000000706c00000| Untracked 
|  20|0x0000000706e00000, 0x0000000706e00000, 0x0000000707000000|  0%| F|  |TAMS 0x0000000706e00000| PB 0x0000000706e00000| Untracked 
|  21|0x0000000707000000, 0x0000000707000000, 0x0000000707200000|  0%| F|  |TAMS 0x0000000707000000| PB 0x0000000707000000| Untracked 
|  22|0x0000000707200000, 0x0000000707200000, 0x0000000707400000|  0%| F|  |TAMS 0x0000000707200000| PB 0x0000000707200000| Untracked 
|  23|0x0000000707400000, 0x0000000707400000, 0x0000000707600000|  0%| F|  |TAMS 0x0000000707400000| PB 0x0000000707400000| Untracked 
|  24|0x0000000707600000, 0x0000000707600000, 0x0000000707800000|  0%| F|  |TAMS 0x0000000707600000| PB 0x0000000707600000| Untracked 
|  25|0x0000000707800000, 0x0000000707800000, 0x0000000707a00000|  0%| F|  |TAMS 0x0000000707800000| PB 0x0000000707800000| Untracked 
|  26|0x0000000707a00000, 0x0000000707a00000, 0x0000000707c00000|  0%| F|  |TAMS 0x0000000707a00000| PB 0x0000000707a00000| Untracked 
|  27|0x0000000707c00000, 0x0000000707c00000, 0x0000000707e00000|  0%| F|  |TAMS 0x0000000707c00000| PB 0x0000000707c00000| Untracked 
|  28|0x0000000707e00000, 0x0000000707e00000, 0x0000000708000000|  0%| F|  |TAMS 0x0000000707e00000| PB 0x0000000707e00000| Untracked 
|  29|0x0000000708000000, 0x0000000708000000, 0x0000000708200000|  0%| F|  |TAMS 0x0000000708000000| PB 0x0000000708000000| Untracked 
|  30|0x0000000708200000, 0x0000000708200000, 0x0000000708400000|  0%| F|  |TAMS 0x0000000708200000| PB 0x0000000708200000| Untracked 
|  31|0x0000000708400000, 0x0000000708400000, 0x0000000708600000|  0%| F|  |TAMS 0x0000000708400000| PB 0x0000000708400000| Untracked 
|  32|0x0000000708600000, 0x0000000708600000, 0x0000000708800000|  0%| F|  |TAMS 0x0000000708600000| PB 0x0000000708600000| Untracked 
|  33|0x0000000708800000, 0x0000000708800000, 0x0000000708a00000|  0%| F|  |TAMS 0x0000000708800000| PB 0x0000000708800000| Untracked 
|  34|0x0000000708a00000, 0x0000000708a00000, 0x0000000708c00000|  0%| F|  |TAMS 0x0000000708a00000| PB 0x0000000708a00000| Untracked 
|  35|0x0000000708c00000, 0x0000000708c00000, 0x0000000708e00000|  0%| F|  |TAMS 0x0000000708c00000| PB 0x0000000708c00000| Untracked 
|  36|0x0000000708e00000, 0x0000000708e00000, 0x0000000709000000|  0%| F|  |TAMS 0x0000000708e00000| PB 0x0000000708e00000| Untracked 
|  37|0x0000000709000000, 0x0000000709000000, 0x0000000709200000|  0%| F|  |TAMS 0x0000000709000000| PB 0x0000000709000000| Untracked 
|  38|0x0000000709200000, 0x0000000709200000, 0x0000000709400000|  0%| F|  |TAMS 0x0000000709200000| PB 0x0000000709200000| Untracked 
|  39|0x0000000709400000, 0x0000000709400000, 0x0000000709600000|  0%| F|  |TAMS 0x0000000709400000| PB 0x0000000709400000| Untracked 
|  40|0x0000000709600000, 0x0000000709600000, 0x0000000709800000|  0%| F|  |TAMS 0x0000000709600000| PB 0x0000000709600000| Untracked 
|  41|0x0000000709800000, 0x0000000709800000, 0x0000000709a00000|  0%| F|  |TAMS 0x0000000709800000| PB 0x0000000709800000| Untracked 
|  42|0x0000000709a00000, 0x0000000709a00000, 0x0000000709c00000|  0%| F|  |TAMS 0x0000000709a00000| PB 0x0000000709a00000| Untracked 
|  43|0x0000000709c00000, 0x0000000709c00000, 0x0000000709e00000|  0%| F|  |TAMS 0x0000000709c00000| PB 0x0000000709c00000| Untracked 
|  44|0x0000000709e00000, 0x0000000709e00000, 0x000000070a000000|  0%| F|  |TAMS 0x0000000709e00000| PB 0x0000000709e00000| Untracked 
|  45|0x000000070a000000, 0x000000070a000000, 0x000000070a200000|  0%| F|  |TAMS 0x000000070a000000| PB 0x000000070a000000| Untracked 
|  46|0x000000070a200000, 0x000000070a200000, 0x000000070a400000|  0%| F|  |TAMS 0x000000070a200000| PB 0x000000070a200000| Untracked 
|  47|0x000000070a400000, 0x000000070a400000, 0x000000070a600000|  0%| F|  |TAMS 0x000000070a400000| PB 0x000000070a400000| Untracked 
|  48|0x000000070a600000, 0x000000070a600000, 0x000000070a800000|  0%| F|  |TAMS 0x000000070a600000| PB 0x000000070a600000| Untracked 
|  49|0x000000070a800000, 0x000000070a800000, 0x000000070aa00000|  0%| F|  |TAMS 0x000000070a800000| PB 0x000000070a800000| Untracked 
|  50|0x000000070aa00000, 0x000000070aa00000, 0x000000070ac00000|  0%| F|  |TAMS 0x000000070aa00000| PB 0x000000070aa00000| Untracked 
|  51|0x000000070ac00000, 0x000000070ac00000, 0x000000070ae00000|  0%| F|  |TAMS 0x000000070ac00000| PB 0x000000070ac00000| Untracked 
|  52|0x000000070ae00000, 0x000000070ae00000, 0x000000070b000000|  0%| F|  |TAMS 0x000000070ae00000| PB 0x000000070ae00000| Untracked 
|  53|0x000000070b000000, 0x000000070b000000, 0x000000070b200000|  0%| F|  |TAMS 0x000000070b000000| PB 0x000000070b000000| Untracked 
|  54|0x000000070b200000, 0x000000070b200000, 0x000000070b400000|  0%| F|  |TAMS 0x000000070b200000| PB 0x000000070b200000| Untracked 
|  55|0x000000070b400000, 0x000000070b400000, 0x000000070b600000|  0%| F|  |TAMS 0x000000070b400000| PB 0x000000070b400000| Untracked 
|  56|0x000000070b600000, 0x000000070b600000, 0x000000070b800000|  0%| F|  |TAMS 0x000000070b600000| PB 0x000000070b600000| Untracked 
|  57|0x000000070b800000, 0x000000070b800000, 0x000000070ba00000|  0%| F|  |TAMS 0x000000070b800000| PB 0x000000070b800000| Untracked 
|  58|0x000000070ba00000, 0x000000070ba00000, 0x000000070bc00000|  0%| F|  |TAMS 0x000000070ba00000| PB 0x000000070ba00000| Untracked 
|  59|0x000000070bc00000, 0x000000070bc00000, 0x000000070be00000|  0%| F|  |TAMS 0x000000070bc00000| PB 0x000000070bc00000| Untracked 
|  60|0x000000070be00000, 0x000000070be00000, 0x000000070c000000|  0%| F|  |TAMS 0x000000070be00000| PB 0x000000070be00000| Untracked 
|  61|0x000000070c000000, 0x000000070c000000, 0x000000070c200000|  0%| F|  |TAMS 0x000000070c000000| PB 0x000000070c000000| Untracked 
|  62|0x000000070c200000, 0x000000070c200000, 0x000000070c400000|  0%| F|  |TAMS 0x000000070c200000| PB 0x000000070c200000| Untracked 
|  63|0x000000070c400000, 0x000000070c400000, 0x000000070c600000|  0%| F|  |TAMS 0x000000070c400000| PB 0x000000070c400000| Untracked 
|  64|0x000000070c600000, 0x000000070c600000, 0x000000070c800000|  0%| F|  |TAMS 0x000000070c600000| PB 0x000000070c600000| Untracked 
|  65|0x000000070c800000, 0x000000070c800000, 0x000000070ca00000|  0%| F|  |TAMS 0x000000070c800000| PB 0x000000070c800000| Untracked 
|  66|0x000000070ca00000, 0x000000070ca00000, 0x000000070cc00000|  0%| F|  |TAMS 0x000000070ca00000| PB 0x000000070ca00000| Untracked 
|  67|0x000000070cc00000, 0x000000070cc00000, 0x000000070ce00000|  0%| F|  |TAMS 0x000000070cc00000| PB 0x000000070cc00000| Untracked 
|  68|0x000000070ce00000, 0x000000070ce00000, 0x000000070d000000|  0%| F|  |TAMS 0x000000070ce00000| PB 0x000000070ce00000| Untracked 
|  69|0x000000070d000000, 0x000000070d000000, 0x000000070d200000|  0%| F|  |TAMS 0x000000070d000000| PB 0x000000070d000000| Untracked 
|  70|0x000000070d200000, 0x000000070d200000, 0x000000070d400000|  0%| F|  |TAMS 0x000000070d200000| PB 0x000000070d200000| Untracked 
|  71|0x000000070d400000, 0x000000070d400000, 0x000000070d600000|  0%| F|  |TAMS 0x000000070d400000| PB 0x000000070d400000| Untracked 
|  72|0x000000070d600000, 0x000000070d600000, 0x000000070d800000|  0%| F|  |TAMS 0x000000070d600000| PB 0x000000070d600000| Untracked 
|  73|0x000000070d800000, 0x000000070d800000, 0x000000070da00000|  0%| F|  |TAMS 0x000000070d800000| PB 0x000000070d800000| Untracked 
|  74|0x000000070da00000, 0x000000070da00000, 0x000000070dc00000|  0%| F|  |TAMS 0x000000070da00000| PB 0x000000070da00000| Untracked 
|  75|0x000000070dc00000, 0x000000070dc00000, 0x000000070de00000|  0%| F|  |TAMS 0x000000070dc00000| PB 0x000000070dc00000| Untracked 
|  76|0x000000070de00000, 0x000000070de00000, 0x000000070e000000|  0%| F|  |TAMS 0x000000070de00000| PB 0x000000070de00000| Untracked 
|  77|0x000000070e000000, 0x000000070e000000, 0x000000070e200000|  0%| F|  |TAMS 0x000000070e000000| PB 0x000000070e000000| Untracked 
|  78|0x000000070e200000, 0x000000070e200000, 0x000000070e400000|  0%| F|  |TAMS 0x000000070e200000| PB 0x000000070e200000| Untracked 
|  79|0x000000070e400000, 0x000000070e400000, 0x000000070e600000|  0%| F|  |TAMS 0x000000070e400000| PB 0x000000070e400000| Untracked 
|  80|0x000000070e600000, 0x000000070e600000, 0x000000070e800000|  0%| F|  |TAMS 0x000000070e600000| PB 0x000000070e600000| Untracked 
|  81|0x000000070e800000, 0x000000070e800000, 0x000000070ea00000|  0%| F|  |TAMS 0x000000070e800000| PB 0x000000070e800000| Untracked 
|  82|0x000000070ea00000, 0x000000070ea00000, 0x000000070ec00000|  0%| F|  |TAMS 0x000000070ea00000| PB 0x000000070ea00000| Untracked 
|  83|0x000000070ec00000, 0x000000070ec00000, 0x000000070ee00000|  0%| F|  |TAMS 0x000000070ec00000| PB 0x000000070ec00000| Untracked 
|  84|0x000000070ee00000, 0x000000070ee00000, 0x000000070f000000|  0%| F|  |TAMS 0x000000070ee00000| PB 0x000000070ee00000| Untracked 
|  85|0x000000070f000000, 0x000000070f000000, 0x000000070f200000|  0%| F|  |TAMS 0x000000070f000000| PB 0x000000070f000000| Untracked 
|  86|0x000000070f200000, 0x000000070f200000, 0x000000070f400000|  0%| F|  |TAMS 0x000000070f200000| PB 0x000000070f200000| Untracked 
|  87|0x000000070f400000, 0x000000070f400000, 0x000000070f600000|  0%| F|  |TAMS 0x000000070f400000| PB 0x000000070f400000| Untracked 
|  88|0x000000070f600000, 0x000000070f600000, 0x000000070f800000|  0%| F|  |TAMS 0x000000070f600000| PB 0x000000070f600000| Untracked 
|  89|0x000000070f800000, 0x000000070f800000, 0x000000070fa00000|  0%| F|  |TAMS 0x000000070f800000| PB 0x000000070f800000| Untracked 
|  90|0x000000070fa00000, 0x000000070fa00000, 0x000000070fc00000|  0%| F|  |TAMS 0x000000070fa00000| PB 0x000000070fa00000| Untracked 
|  91|0x000000070fc00000, 0x000000070fc00000, 0x000000070fe00000|  0%| F|  |TAMS 0x000000070fc00000| PB 0x000000070fc00000| Untracked 
|  92|0x000000070fe00000, 0x000000070fe00000, 0x0000000710000000|  0%| F|  |TAMS 0x000000070fe00000| PB 0x000000070fe00000| Untracked 
|  93|0x0000000710000000, 0x0000000710000000, 0x0000000710200000|  0%| F|  |TAMS 0x0000000710000000| PB 0x0000000710000000| Untracked 
|  94|0x0000000710200000, 0x0000000710200000, 0x0000000710400000|  0%| F|  |TAMS 0x0000000710200000| PB 0x0000000710200000| Untracked 
|  95|0x0000000710400000, 0x0000000710400000, 0x0000000710600000|  0%| F|  |TAMS 0x0000000710400000| PB 0x0000000710400000| Untracked 
|  96|0x0000000710600000, 0x0000000710600000, 0x0000000710800000|  0%| F|  |TAMS 0x0000000710600000| PB 0x0000000710600000| Untracked 
|  97|0x0000000710800000, 0x0000000710800000, 0x0000000710a00000|  0%| F|  |TAMS 0x0000000710800000| PB 0x0000000710800000| Untracked 
|  98|0x0000000710a00000, 0x0000000710a00000, 0x0000000710c00000|  0%| F|  |TAMS 0x0000000710a00000| PB 0x0000000710a00000| Untracked 
|  99|0x0000000710c00000, 0x0000000710c00000, 0x0000000710e00000|  0%| F|  |TAMS 0x0000000710c00000| PB 0x0000000710c00000| Untracked 
| 100|0x0000000710e00000, 0x0000000710e00000, 0x0000000711000000|  0%| F|  |TAMS 0x0000000710e00000| PB 0x0000000710e00000| Untracked 
| 101|0x0000000711000000, 0x0000000711000000, 0x0000000711200000|  0%| F|  |TAMS 0x0000000711000000| PB 0x0000000711000000| Untracked 
| 102|0x0000000711200000, 0x0000000711200000, 0x0000000711400000|  0%| F|  |TAMS 0x0000000711200000| PB 0x0000000711200000| Untracked 
| 103|0x0000000711400000, 0x0000000711400000, 0x0000000711600000|  0%| F|  |TAMS 0x0000000711400000| PB 0x0000000711400000| Untracked 
| 104|0x0000000711600000, 0x0000000711600000, 0x0000000711800000|  0%| F|  |TAMS 0x0000000711600000| PB 0x0000000711600000| Untracked 
| 105|0x0000000711800000, 0x0000000711800000, 0x0000000711a00000|  0%| F|  |TAMS 0x0000000711800000| PB 0x0000000711800000| Untracked 
| 106|0x0000000711a00000, 0x0000000711a00000, 0x0000000711c00000|  0%| F|  |TAMS 0x0000000711a00000| PB 0x0000000711a00000| Untracked 
| 107|0x0000000711c00000, 0x0000000711c00000, 0x0000000711e00000|  0%| F|  |TAMS 0x0000000711c00000| PB 0x0000000711c00000| Untracked 
| 108|0x0000000711e00000, 0x0000000711e00000, 0x0000000712000000|  0%| F|  |TAMS 0x0000000711e00000| PB 0x0000000711e00000| Untracked 
| 109|0x0000000712000000, 0x0000000712000000, 0x0000000712200000|  0%| F|  |TAMS 0x0000000712000000| PB 0x0000000712000000| Untracked 
| 110|0x0000000712200000, 0x0000000712200000, 0x0000000712400000|  0%| F|  |TAMS 0x0000000712200000| PB 0x0000000712200000| Untracked 
| 111|0x0000000712400000, 0x0000000712400000, 0x0000000712600000|  0%| F|  |TAMS 0x0000000712400000| PB 0x0000000712400000| Untracked 
| 112|0x0000000712600000, 0x0000000712600000, 0x0000000712800000|  0%| F|  |TAMS 0x0000000712600000| PB 0x0000000712600000| Untracked 
| 113|0x0000000712800000, 0x0000000712800000, 0x0000000712a00000|  0%| F|  |TAMS 0x0000000712800000| PB 0x0000000712800000| Untracked 
| 114|0x0000000712a00000, 0x0000000712a00000, 0x0000000712c00000|  0%| F|  |TAMS 0x0000000712a00000| PB 0x0000000712a00000| Untracked 
| 115|0x0000000712c00000, 0x0000000712c00000, 0x0000000712e00000|  0%| F|  |TAMS 0x0000000712c00000| PB 0x0000000712c00000| Untracked 
| 116|0x0000000712e00000, 0x0000000712e00000, 0x0000000713000000|  0%| F|  |TAMS 0x0000000712e00000| PB 0x0000000712e00000| Untracked 
| 117|0x0000000713000000, 0x0000000713000000, 0x0000000713200000|  0%| F|  |TAMS 0x0000000713000000| PB 0x0000000713000000| Untracked 
| 118|0x0000000713200000, 0x0000000713200000, 0x0000000713400000|  0%| F|  |TAMS 0x0000000713200000| PB 0x0000000713200000| Untracked 
| 119|0x0000000713400000, 0x0000000713400000, 0x0000000713600000|  0%| F|  |TAMS 0x0000000713400000| PB 0x0000000713400000| Untracked 
| 120|0x0000000713600000, 0x0000000713600000, 0x0000000713800000|  0%| F|  |TAMS 0x0000000713600000| PB 0x0000000713600000| Untracked 
| 121|0x0000000713800000, 0x00000007138e1cb8, 0x0000000713a00000| 44%| E|  |TAMS 0x0000000713800000| PB 0x0000000713800000| Complete 
| 122|0x0000000713a00000, 0x0000000713c00000, 0x0000000713c00000|100%| E|CS|TAMS 0x0000000713a00000| PB 0x0000000713a00000| Complete 
| 123|0x0000000713c00000, 0x0000000713e00000, 0x0000000713e00000|100%| E|CS|TAMS 0x0000000713c00000| PB 0x0000000713c00000| Complete 
| 124|0x0000000713e00000, 0x0000000714000000, 0x0000000714000000|100%| E|CS|TAMS 0x0000000713e00000| PB 0x0000000713e00000| Complete 
| 125|0x0000000714000000, 0x0000000714200000, 0x0000000714200000|100%| E|CS|TAMS 0x0000000714000000| PB 0x0000000714000000| Complete 

Card table byte_map: [0x000001fd2d910000,0x000001fd2e0f0000] _byte_map_base: 0x000001fd2a0ed000

Marking Bits: (CMBitMap*) 0x000001fd157913d0
 Bits: [0x000001fd2e0f0000, 0x000001fd31fd8000)

Polling page: 0x000001fd13610000

Metaspace:

Usage:
  Non-class:      3.59 MB used.
      Class:    250.98 KB used.
       Both:      3.84 MB used.

Virtual space:
  Non-class space:       64.00 MB reserved,       3.69 MB (  6%) committed,  1 nodes.
      Class space:        1.00 GB reserved,     320.00 KB ( <1%) committed,  1 nodes.
             Both:        1.06 GB reserved,       4.00 MB ( <1%) committed. 

Chunk freelists:
   Non-Class:  10.41 MB
       Class:  15.66 MB
        Both:  26.07 MB

MaxMetaspaceSize: unlimited
CompressedClassSpaceSize: 1.00 GB
Initial GC threshold: 21.00 MB
Current GC threshold: 21.00 MB
CDS: on
 - commit_granule_bytes: 65536.
 - commit_granule_words: 8192.
 - virtual_space_node_default_size: 8388608.
 - enlarge_chunks_in_place: 1.
 - use_allocation_guard: 0.


Internal statistics:

num_allocs_failed_limit: 0.
num_arena_births: 80.
num_arena_deaths: 0.
num_vsnodes_births: 2.
num_vsnodes_deaths: 0.
num_space_committed: 62.
num_space_uncommitted: 0.
num_chunks_returned_to_freelist: 0.
num_chunks_taken_from_freelist: 149.
num_chunk_merges: 0.
num_chunk_splits: 101.
num_chunks_enlarged: 65.
num_inconsistent_stats: 0.

CodeHeap 'non-profiled nmethods': size=120000Kb used=237Kb max_used=237Kb free=119762Kb
 bounds [0x000001fd258d0000, 0x000001fd25b40000, 0x000001fd2ce00000]
CodeHeap 'profiled nmethods': size=120000Kb used=1057Kb max_used=1057Kb free=118942Kb
 bounds [0x000001fd1de00000, 0x000001fd1e070000, 0x000001fd25330000]
CodeHeap 'non-nmethods': size=5760Kb used=2387Kb max_used=2416Kb free=3373Kb
 bounds [0x000001fd25330000, 0x000001fd255a0000, 0x000001fd258d0000]
 total_blobs=1795 nmethods=744 adapters=956
 compilation: enabled
              stopped_count=0, restarted_count=0
 full_count=0

Compilation events (20 events):
Event: 1.077 Thread 0x000001fd7a6f59a0 nmethod 721 0x000001fd25905910 code [0x000001fd25905aa0, 0x000001fd25905c28]
Event: 1.077 Thread 0x000001fd7a6f59a0  724       4       java.lang.Math::min (11 bytes)
Event: 1.077 Thread 0x000001fd7a6f59a0 nmethod 724 0x000001fd25905d10 code [0x000001fd25905e80, 0x000001fd25905ef0]
Event: 1.077 Thread 0x000001fd7a6f59a0  687       4       java.util.HashMap$Node::<init> (26 bytes)
Event: 1.077 Thread 0x000001fd34a3c450 nmethod 677 0x000001fd25906010 code [0x000001fd25906220, 0x000001fd259069c0]
Event: 1.077 Thread 0x000001fd34a3c450  712       4       java.util.HashMap::put (13 bytes)
Event: 1.079 Thread 0x000001fd7a6f59a0 nmethod 687 0x000001fd25906f90 code [0x000001fd25907120, 0x000001fd25907478]
Event: 1.079 Thread 0x000001fd7a6f59a0  698       4       java.util.concurrent.locks.ReentrantLock$Sync::tryRelease (51 bytes)
Event: 1.080 Thread 0x000001fd7a6f59a0 nmethod 698 0x000001fd25907510 code [0x000001fd259076a0, 0x000001fd259077d0]
Event: 1.089 Thread 0x000001fd34a3c450 nmethod 712 0x000001fd25907890 code [0x000001fd25907ae0, 0x000001fd25908840]
Event: 5.011 Thread 0x000001fd34a46e00  733       3       org.lwjgl.glfw.GLFW::glfwWindowShouldClose (29 bytes)
Event: 5.011 Thread 0x000001fd34a46e00 nmethod 733 0x000001fd1df06c90 code [0x000001fd1df06e60, 0x000001fd1df07158]
Event: 5.011 Thread 0x000001fd34a46e00  735       3       org.lwjgl.glfw.GLFW::glfwGetKey (22 bytes)
Event: 5.011 Thread 0x000001fd34a46e00 nmethod 735 0x000001fd1df07290 code [0x000001fd1df07460, 0x000001fd1df07710]
Event: 5.011 Thread 0x000001fd34a46e00  737       3       org.lwjgl.glfw.GLFW::glfwPollEvents (9 bytes)
Event: 5.012 Thread 0x000001fd34a46e00 nmethod 737 0x000001fd1df07890 code [0x000001fd1df07a40, 0x000001fd1df07b60]
Event: 5.012 Thread 0x000001fd34a46e00  738       3       org.lwjgl.opengl.GL11::glClear (5 bytes)
Event: 5.012 Thread 0x000001fd34a46e00 nmethod 738 0x000001fd1df07c10 code [0x000001fd1df07dc0, 0x000001fd1df07ed8]
Event: 5.012 Thread 0x000001fd34a46e00  743       3       org.lwjgl.glfw.GLFW::glfwSwapBuffers (21 bytes)
Event: 5.012 Thread 0x000001fd34a46e00 nmethod 743 0x000001fd1df07f90 code [0x000001fd1df08160, 0x000001fd1df08400]

GC Heap History (0 events):
No events

Dll operation events (12 events):
Event: 0.010 Loaded shared library C:\Users\COHOTECH.VN\.jdks\corretto-21.0.2\bin\java.dll
Event: 0.048 Loaded shared library C:\Users\COHOTECH.VN\.jdks\corretto-21.0.2\bin\jsvml.dll
Event: 0.095 Loaded shared library C:\Users\COHOTECH.VN\.jdks\corretto-21.0.2\bin\zip.dll
Event: 0.099 Loaded shared library C:\Users\COHOTECH.VN\.jdks\corretto-21.0.2\bin\instrument.dll
Event: 0.104 Loaded shared library C:\Users\COHOTECH.VN\.jdks\corretto-21.0.2\bin\net.dll
Event: 0.105 Loaded shared library C:\Users\COHOTECH.VN\.jdks\corretto-21.0.2\bin\nio.dll
Event: 0.110 Loaded shared library C:\Users\COHOTECH.VN\.jdks\corretto-21.0.2\bin\zip.dll
Event: 0.128 Loaded shared library D:\IDE\IntelliJ IDEA 2023.3.4\bin\breakgen64.dll
Event: 0.136 Loaded shared library C:\Users\COHOTECH.VN\.jdks\corretto-21.0.2\bin\extnet.dll
Event: 0.176 Loaded shared library C:\Users\COHOTECH.VN\.jdks\corretto-21.0.2\bin\jimage.dll
Event: 0.200 Loaded shared library C:\Users\COHOTECH.VN\AppData\Local\Temp\lwjgl_COHOTECH.VN\3.3.3+5\x64\lwjgl.dll
Event: 0.445 Loaded shared library C:\Users\COHOTECH.VN\AppData\Local\Temp\lwjgl_COHOTECH.VN\3.3.3+5\x64\lwjgl_opengl.dll

Deoptimization events (20 events):
Event: 0.241 Thread 0x000001fd15729560 Uncommon trap: trap_request=0xffffff45 fr.pc=0x000001fd258df198 relative=0x0000000000000ab8
Event: 0.241 Thread 0x000001fd15729560 Uncommon trap: reason=unstable_if action=reinterpret pc=0x000001fd258df198 method=java.util.HashMap.putVal(ILjava/lang/Object;Ljava/lang/Object;ZZ)Ljava/lang/Object; @ 181 c2
Event: 0.241 Thread 0x000001fd15729560 DEOPT PACKING pc=0x000001fd258df198 sp=0x00000011f64fd5d0
Event: 0.241 Thread 0x000001fd15729560 DEOPT UNPACKING pc=0x000001fd25387da2 sp=0x00000011f64fd590 mode 2
Event: 0.448 Thread 0x000001fd15729560 DEOPT PACKING pc=0x000001fd1de2bc78 sp=0x00000011f64fe100
Event: 0.448 Thread 0x000001fd15729560 DEOPT UNPACKING pc=0x000001fd253888e2 sp=0x00000011f64fd520 mode 0
Event: 0.457 Thread 0x000001fd15729560 Uncommon trap: trap_request=0xffffff54 fr.pc=0x000001fd258fc390 relative=0x0000000000000070
Event: 0.457 Thread 0x000001fd15729560 Uncommon trap: reason=speculate_null_assert action=make_not_entrant pc=0x000001fd258fc390 method=sun.misc.Unsafe.putLong(Ljava/lang/Object;JJ)V @ 7 c2
Event: 0.457 Thread 0x000001fd15729560 DEOPT PACKING pc=0x000001fd258fc390 sp=0x00000011f64ff2e0
Event: 0.457 Thread 0x000001fd15729560 DEOPT UNPACKING pc=0x000001fd25387da2 sp=0x00000011f64ff258 mode 2
Event: 0.617 Thread 0x000001fd15729560 Uncommon trap: trap_request=0xffffff54 fr.pc=0x000001fd258fe50c relative=0x000000000000006c
Event: 0.617 Thread 0x000001fd15729560 Uncommon trap: reason=speculate_null_assert action=make_not_entrant pc=0x000001fd258fe50c method=sun.misc.Unsafe.getLong(Ljava/lang/Object;J)J @ 5 c2
Event: 0.617 Thread 0x000001fd15729560 DEOPT PACKING pc=0x000001fd258fe50c sp=0x00000011f64ff170
Event: 0.617 Thread 0x000001fd15729560 DEOPT UNPACKING pc=0x000001fd25387da2 sp=0x00000011f64ff0f8 mode 2
Event: 1.038 Thread 0x000001fd34a2ebc0 Uncommon trap: trap_request=0xffffff45 fr.pc=0x000001fd258efb10 relative=0x00000000000001b0
Event: 1.038 Thread 0x000001fd34a2ebc0 Uncommon trap: reason=unstable_if action=reinterpret pc=0x000001fd258efb10 method=java.lang.invoke.VarHandle.checkAccessModeThenIsDirect(Ljava/lang/invoke/VarHandle$AccessDescriptor;)Z @ 4 c2
Event: 1.038 Thread 0x000001fd34a2ebc0 DEOPT PACKING pc=0x000001fd258efb10 sp=0x00000011f6ffdd20
Event: 1.038 Thread 0x000001fd34a2ebc0 DEOPT UNPACKING pc=0x000001fd25387da2 sp=0x00000011f6ffdc58 mode 2
Event: 1.073 Thread 0x000001fd34a2ebc0 DEOPT PACKING pc=0x000001fd1de0bed8 sp=0x00000011f6ffde40
Event: 1.073 Thread 0x000001fd34a2ebc0 DEOPT UNPACKING pc=0x000001fd253888e2 sp=0x00000011f6ffd2a8 mode 0

Classes loaded (20 events):
Event: 1.060 Loading class java/time/zone/ZoneRulesProvider
Event: 1.060 Loading class java/time/zone/ZoneRulesProvider done
Event: 1.060 Loading class java/time/zone/ZoneRulesProvider$1
Event: 1.060 Loading class java/time/zone/ZoneRulesProvider$1 done
Event: 1.060 Loading class java/time/zone/TzdbZoneRulesProvider
Event: 1.060 Loading class java/time/zone/TzdbZoneRulesProvider done
Event: 1.063 Loading class java/util/Arrays$ArrayItr
Event: 1.063 Loading class java/util/Arrays$ArrayItr done
Event: 1.065 Loading class java/time/zone/Ser
Event: 1.065 Loading class java/io/Externalizable
Event: 1.065 Loading class java/io/Externalizable done
Event: 1.065 Loading class java/time/zone/Ser done
Event: 1.065 Loading class java/time/zone/ZoneOffsetTransition
Event: 1.066 Loading class java/time/zone/ZoneOffsetTransition done
Event: 1.067 Loading class sun/util/cldr/CLDRBaseLocaleDataMetaInfo$TZCanonicalIDMapHolder
Event: 1.068 Loading class sun/util/cldr/CLDRBaseLocaleDataMetaInfo$TZCanonicalIDMapHolder done
Event: 1.069 Loading class sun/util/resources/TimeZoneNames
Event: 1.070 Loading class sun/util/resources/TimeZoneNames done
Event: 1.070 Loading class sun/util/resources/TimeZoneNames_en
Event: 1.070 Loading class sun/util/resources/TimeZoneNames_en done

Classes unloaded (0 events):
No events

Classes redefined (0 events):
No events

Internal exceptions (20 events):
Event: 0.168 Thread 0x000001fd15729560 Exception <a 'java/lang/NoSuchMethodError'{0x0000000713c5bea8}: 'void java.lang.invoke.DelegatingMethodHandle$Holder.delegate(java.lang.Object, java.lang.Object, int, java.lang.Object)'> (0x0000000713c5bea8) 
thrown [s\src\hotspot\share\interpreter\linkResolver.cpp, line 773]
Event: 0.169 Thread 0x000001fd15729560 Exception <a 'java/lang/NoSuchMethodError'{0x0000000713c5fb88}: 'int java.lang.invoke.DirectMethodHandle$Holder.invokeSpecial(java.lang.Object, java.lang.Object, java.lang.Object)'> (0x0000000713c5fb88) 
thrown [s\src\hotspot\share\interpreter\linkResolver.cpp, line 773]
Event: 0.173 Thread 0x000001fd15729560 Exception <a 'java/lang/NoSuchMethodError'{0x0000000713c79118}: 'void java.lang.System.loadLibrary(java.lang.String, java.lang.Class)'> (0x0000000713c79118) 
thrown [s\src\hotspot\share\interpreter\linkResolver.cpp, line 773]
Event: 0.197 Thread 0x000001fd15729560 Exception <a 'sun/nio/fs/WindowsException'{0x0000000713ca5bb0}> (0x0000000713ca5bb0) 
thrown [s\src\hotspot\share\prims\jni.cpp, line 520]
Event: 0.198 Thread 0x000001fd15729560 Exception <a 'sun/nio/fs/WindowsException'{0x0000000713ca6120}> (0x0000000713ca6120) 
thrown [s\src\hotspot\share\prims\jni.cpp, line 520]
Event: 0.276 Thread 0x000001fd15729560 Exception <a 'sun/nio/fs/WindowsException'{0x0000000713d1cc98}> (0x0000000713d1cc98) 
thrown [s\src\hotspot\share\prims\jni.cpp, line 520]
Event: 0.276 Thread 0x000001fd15729560 Exception <a 'sun/nio/fs/WindowsException'{0x0000000713d1d048}> (0x0000000713d1d048) 
thrown [s\src\hotspot\share\prims\jni.cpp, line 520]
Event: 0.288 Thread 0x000001fd15729560 Exception <a 'java/lang/NoSuchMethodError'{0x0000000713d691d8}: 'int java.lang.invoke.DirectMethodHandle$Holder.invokeStaticInit(java.lang.Object, java.lang.Object, int, long)'> (0x0000000713d691d8) 
thrown [s\src\hotspot\share\interpreter\linkResolver.cpp, line 773]
Event: 0.289 Thread 0x000001fd15729560 Exception <a 'java/lang/NoSuchMethodError'{0x0000000713d6e200}: 'java.lang.Object java.lang.invoke.DirectMethodHandle$Holder.newInvokeSpecial(java.lang.Object, java.lang.Object, int)'> (0x0000000713d6e200) 
thrown [s\src\hotspot\share\interpreter\linkResolver.cpp, line 773]
Event: 0.291 Thread 0x000001fd15729560 Exception <a 'java/lang/NoSuchMethodError'{0x0000000713d7c868}: 'int java.lang.invoke.DirectMethodHandle$Holder.invokeStaticInit(java.lang.Object, java.lang.Object, long, long)'> (0x0000000713d7c868) 
thrown [s\src\hotspot\share\interpreter\linkResolver.cpp, line 773]
Event: 0.292 Thread 0x000001fd15729560 Exception <a 'java/lang/NoSuchMethodError'{0x0000000713d820d0}: 'java.lang.Object java.lang.invoke.DirectMethodHandle$Holder.newInvokeSpecial(java.lang.Object, java.lang.Object, long)'> (0x0000000713d820d0) 
thrown [s\src\hotspot\share\interpreter\linkResolver.cpp, line 773]
Event: 0.293 Thread 0x000001fd15729560 Exception <a 'java/lang/NoSuchMethodError'{0x0000000713d85e88}: 'java.lang.Object java.lang.invoke.Invokers$Holder.linkToTargetMethod(java.lang.Object, long, java.lang.Object)'> (0x0000000713d85e88) 
thrown [s\src\hotspot\share\interpreter\linkResolver.cpp, line 773]
Event: 0.294 Thread 0x000001fd15729560 Exception <a 'java/lang/NoSuchMethodError'{0x0000000713d8cf10}: 'int java.lang.invoke.DirectMethodHandle$Holder.invokeStaticInit(java.lang.Object, java.lang.Object, java.lang.Object, long)'> (0x0000000713d8cf10) 
thrown [s\src\hotspot\share\interpreter\linkResolver.cpp, line 773]
Event: 0.437 Thread 0x000001fd15729560 Exception <a 'java/lang/NoSuchMethodError'{0x0000000713a0cca0}: 'void java.lang.System.load(java.lang.String, java.lang.Class)'> (0x0000000713a0cca0) 
thrown [s\src\hotspot\share\interpreter\linkResolver.cpp, line 773]
Event: 0.438 Thread 0x000001fd15729560 Exception <a 'java/lang/NoSuchMethodError'{0x0000000713a0f640}: 'void java.lang.System.loadLibrary(java.lang.String, java.lang.Class)'> (0x0000000713a0f640) 
thrown [s\src\hotspot\share\interpreter\linkResolver.cpp, line 773]
Event: 0.443 Thread 0x000001fd15729560 Exception <a 'sun/nio/fs/WindowsException'{0x0000000713a1e518}> (0x0000000713a1e518) 
thrown [s\src\hotspot\share\prims\jni.cpp, line 520]
Event: 0.443 Thread 0x000001fd15729560 Exception <a 'sun/nio/fs/WindowsException'{0x0000000713a1e900}> (0x0000000713a1e900) 
thrown [s\src\hotspot\share\prims\jni.cpp, line 520]
Event: 0.451 Thread 0x000001fd15729560 Exception <a 'sun/nio/fs/WindowsException'{0x0000000713a26ae8}> (0x0000000713a26ae8) 
thrown [s\src\hotspot\share\prims\jni.cpp, line 520]
Event: 0.451 Thread 0x000001fd15729560 Exception <a 'sun/nio/fs/WindowsException'{0x0000000713a26e08}> (0x0000000713a26e08) 
thrown [s\src\hotspot\share\prims\jni.cpp, line 520]
Event: 1.072 Thread 0x000001fd34a2ebc0 Exception <a 'java/lang/NoSuchMethodError'{0x00000007138832e8}: 'java.lang.Object java.lang.invoke.Invokers$Holder.invokeExact_MT(java.lang.Object, java.lang.Object, java.lang.Object, java.lang.Object, java.lang.Object, java.lang.Object)'> (0x00000007138832e8) 
thrown [s\src\hotspot\share\interpreter\linkResolver.cpp, line 773]

ZGC Phase Switch (0 events):
No events

VM Operations (4 events):
Event: 0.081 Executing VM operation: HandshakeAllThreads (Deoptimize)
Event: 0.081 Executing VM operation: HandshakeAllThreads (Deoptimize) done
Event: 1.087 Executing VM operation: Cleanup
Event: 1.087 Executing VM operation: Cleanup done

Events (16 events):
Event: 0.027 Thread 0x000001fd15729560 Thread added: 0x000001fd15729560
Event: 0.045 Thread 0x000001fd34a1fc70 Thread added: 0x000001fd34a1fc70
Event: 0.045 Thread 0x000001fd34a21440 Thread added: 0x000001fd34a21440
Event: 0.045 Thread 0x000001fd34a2c150 Thread added: 0x000001fd34a2c150
Event: 0.045 Thread 0x000001fd34a2ebc0 Thread added: 0x000001fd34a2ebc0
Event: 0.045 Thread 0x000001fd34a30630 Thread added: 0x000001fd34a30630
Event: 0.045 Thread 0x000001fd34a3b0b0 Thread added: 0x000001fd34a3b0b0
Event: 0.045 Thread 0x000001fd34a3c450 Thread added: 0x000001fd34a3c450
Event: 0.046 Thread 0x000001fd34a46e00 Thread added: 0x000001fd34a46e00
Event: 0.074 Thread 0x000001fd34c3f3c0 Thread added: 0x000001fd34c3f3c0
Event: 0.129 Thread 0x000001fd34e0a440 Thread added: 0x000001fd34e0a440
Event: 0.129 Thread 0x000001fd34e0cac0 Thread added: 0x000001fd34e0cac0
Event: 0.268 Thread 0x000001fd34f76de0 Thread added: 0x000001fd34f76de0
Event: 0.435 Thread 0x000001fd34f76de0 Thread exited: 0x000001fd34f76de0
Event: 1.073 Thread 0x000001fd7a6f59a0 Thread added: 0x000001fd7a6f59a0
Event: 5.011 Thread 0x000001fd7a6f59a0 Thread exited: 0x000001fd7a6f59a0


Dynamic libraries:
0x00007ff799a80000 - 0x00007ff799a8e000 	C:\Users\COHOTECH.VN\.jdks\corretto-21.0.2\bin\java.exe
0x00007ffef8bc0000 - 0x00007ffef8e28000 	C:\WINDOWS\SYSTEM32\ntdll.dll
0x00007ffef75d0000 - 0x00007ffef7699000 	C:\WINDOWS\System32\KERNEL32.DLL
0x00007ffef63f0000 - 0x00007ffef67dd000 	C:\WINDOWS\System32\KERNELBASE.dll
0x00007ffef5fd0000 - 0x00007ffef611b000 	C:\WINDOWS\System32\ucrtbase.dll
0x00007ffee50c0000 - 0x00007ffee50d8000 	C:\Users\COHOTECH.VN\.jdks\corretto-21.0.2\bin\jli.dll
0x00007ffee4f70000 - 0x00007ffee4f8b000 	C:\Users\COHOTECH.VN\.jdks\corretto-21.0.2\bin\VCRUNTIME140.dll
0x00007ffef7240000 - 0x00007ffef740c000 	C:\WINDOWS\System32\USER32.dll
0x00007ffef63c0000 - 0x00007ffef63e7000 	C:\WINDOWS\System32\win32u.dll
0x00007ffec8c60000 - 0x00007ffec8efa000 	C:\WINDOWS\WinSxS\amd64_microsoft.windows.common-controls_6595b64144ccf1df_6.0.26100.4484_none_3e0e6d4ce32ef3b3\COMCTL32.dll
0x00007ffef7bd0000 - 0x00007ffef7bfb000 	C:\WINDOWS\System32\GDI32.dll
0x00007ffef7f50000 - 0x00007ffef7ff9000 	C:\WINDOWS\System32\msvcrt.dll
0x00007ffef6120000 - 0x00007ffef6257000 	C:\WINDOWS\System32\gdi32full.dll
0x00007ffef5da0000 - 0x00007ffef5e43000 	C:\WINDOWS\System32\msvcp_win.dll
0x00007ffef7de0000 - 0x00007ffef7e0f000 	C:\WINDOWS\System32\IMM32.DLL
0x00007ffeef8d0000 - 0x00007ffeef8dc000 	C:\Users\COHOTECH.VN\.jdks\corretto-21.0.2\bin\vcruntime140_1.dll
0x00007ffee1520000 - 0x00007ffee15ad000 	C:\Users\COHOTECH.VN\.jdks\corretto-21.0.2\bin\msvcp140.dll
0x00007ffe946c0000 - 0x00007ffe95450000 	C:\Users\COHOTECH.VN\.jdks\corretto-21.0.2\bin\server\jvm.dll
0x00007ffef7e20000 - 0x00007ffef7ed4000 	C:\WINDOWS\System32\ADVAPI32.dll
0x00007ffef7a90000 - 0x00007ffef7b36000 	C:\WINDOWS\System32\sechost.dll
0x00007ffef6ea0000 - 0x00007ffef6fb8000 	C:\WINDOWS\System32\RPCRT4.dll
0x00007ffef7550000 - 0x00007ffef75c4000 	C:\WINDOWS\System32\WS2_32.dll
0x00007ffef5570000 - 0x00007ffef55ce000 	C:\WINDOWS\SYSTEM32\POWRPROF.dll
0x00007ffeeb560000 - 0x00007ffeeb595000 	C:\WINDOWS\SYSTEM32\WINMM.dll
0x00007ffed8f10000 - 0x00007ffed8f1b000 	C:\WINDOWS\SYSTEM32\VERSION.dll
0x00007ffef5550000 - 0x00007ffef5564000 	C:\WINDOWS\SYSTEM32\UMPDC.dll
0x00007ffef4a80000 - 0x00007ffef4a9b000 	C:\WINDOWS\SYSTEM32\kernel.appcore.dll
0x00007ffee6520000 - 0x00007ffee652a000 	C:\Users\COHOTECH.VN\.jdks\corretto-21.0.2\bin\jimage.dll
0x00007ffef3280000 - 0x00007ffef34c1000 	C:\WINDOWS\SYSTEM32\DBGHELP.DLL
0x00007ffef76a0000 - 0x00007ffef7a26000 	C:\WINDOWS\System32\combase.dll
0x00007ffef7460000 - 0x00007ffef7540000 	C:\WINDOWS\System32\OLEAUT32.dll
0x00007ffecf670000 - 0x00007ffecf6b3000 	C:\WINDOWS\SYSTEM32\dbgcore.DLL
0x00007ffef6320000 - 0x00007ffef63b9000 	C:\WINDOWS\System32\bcryptPrimitives.dll
0x00007ffee4500000 - 0x00007ffee450e000 	C:\Users\COHOTECH.VN\.jdks\corretto-21.0.2\bin\instrument.dll
0x00007ffee1dc0000 - 0x00007ffee1ddf000 	C:\Users\COHOTECH.VN\.jdks\corretto-21.0.2\bin\java.dll
0x00007ffef8020000 - 0x00007ffef876a000 	C:\WINDOWS\System32\SHELL32.dll
0x00007ffef67e0000 - 0x00007ffef6954000 	C:\WINDOWS\System32\wintypes.dll
0x00007ffef3920000 - 0x00007ffef417b000 	C:\WINDOWS\SYSTEM32\windows.storage.dll
0x00007ffef7130000 - 0x00007ffef7225000 	C:\WINDOWS\System32\SHCORE.dll
0x00007ffef7ee0000 - 0x00007ffef7f4a000 	C:\WINDOWS\System32\shlwapi.dll
0x00007ffef5c20000 - 0x00007ffef5c4f000 	C:\WINDOWS\SYSTEM32\profapi.dll
0x00007ffed1000000 - 0x00007ffed10d7000 	C:\Users\COHOTECH.VN\.jdks\corretto-21.0.2\bin\jsvml.dll
0x00007ffee1860000 - 0x00007ffee1878000 	C:\Users\COHOTECH.VN\.jdks\corretto-21.0.2\bin\zip.dll
0x00007ffee1db0000 - 0x00007ffee1dc0000 	C:\Users\COHOTECH.VN\.jdks\corretto-21.0.2\bin\net.dll
0x00007ffeeaf80000 - 0x00007ffeeb09e000 	C:\WINDOWS\SYSTEM32\WINHTTP.dll
0x00007ffef4fe0000 - 0x00007ffef504a000 	C:\WINDOWS\system32\mswsock.dll
0x00007ffee1880000 - 0x00007ffee1896000 	C:\Users\COHOTECH.VN\.jdks\corretto-21.0.2\bin\nio.dll
0x00007ffee1660000 - 0x00007ffee167a000 	D:\IDE\IntelliJ IDEA 2023.3.4\bin\breakgen64.dll
0x00007ffee16a0000 - 0x00007ffee16a9000 	C:\Users\COHOTECH.VN\.jdks\corretto-21.0.2\bin\extnet.dll
0x00007ffece970000 - 0x00007ffece9eb000 	C:\Users\COHOTECH.VN\AppData\Local\Temp\lwjgl_COHOTECH.VN\3.3.3+5\x64\lwjgl.dll
0x00007ffec72b0000 - 0x00007ffec7332000 	C:\Users\COHOTECH.VN\AppData\Local\Temp\lwjgl_COHOTECH.VN\3.3.3+5\x64\glfw.dll
0x00007ffed9e40000 - 0x00007ffed9e8b000 	C:\WINDOWS\SYSTEM32\dinput8.dll
0x00007ffee15b0000 - 0x00007ffee15c2000 	C:\WINDOWS\SYSTEM32\xinput1_4.dll
0x00007ffef59d0000 - 0x00007ffef59fd000 	C:\WINDOWS\SYSTEM32\DEVOBJ.dll
0x00007ffef5970000 - 0x00007ffef59c7000 	C:\WINDOWS\SYSTEM32\cfgmgr32.dll
0x00007ffef2e00000 - 0x00007ffef2e36000 	C:\WINDOWS\SYSTEM32\dwmapi.dll
0x00007ffede0b0000 - 0x00007ffede293000 	C:\WINDOWS\SYSTEM32\inputhost.dll
0x00007ffeefd50000 - 0x00007ffeefe75000 	C:\WINDOWS\SYSTEM32\CoreMessaging.dll
0x00007ffef0320000 - 0x00007ffef03cf000 	C:\WINDOWS\system32\uxtheme.dll
0x00007ffef6fc0000 - 0x00007ffef7120000 	C:\WINDOWS\System32\MSCTF.dll
0x00007ffef5220000 - 0x00007ffef522c000 	C:\WINDOWS\SYSTEM32\CRYPTBASE.DLL
0x00007ffedf330000 - 0x00007ffedf448000 	C:\WINDOWS\SYSTEM32\opengl32.dll
0x00007ffedfac0000 - 0x00007ffedfaed000 	C:\WINDOWS\SYSTEM32\GLU32.dll
0x00007ffef2e50000 - 0x00007ffef2e9d000 	C:\WINDOWS\SYSTEM32\dxcore.dll
0x00007ffef29f0000 - 0x00007ffef2a54000 	C:\WINDOWS\SYSTEM32\directxdatabasehelper.dll
0x00007ffed80b0000 - 0x00007ffed80ca000 	C:\WINDOWS\SYSTEM32\windows.staterepositorycore.dll
0x00007ffe934b0000 - 0x00007ffe946b6000 	C:\WINDOWS\System32\DriverStore\FileRepository\iigd_dch.inf_amd64_0955b895c8fb702b\igxelpicd64.dll
0x00007ffef7c00000 - 0x00007ffef7d9e000 	C:\WINDOWS\System32\ole32.dll
0x00007ffef2bb0000 - 0x00007ffef2ce7000 	C:\WINDOWS\system32\dxgi.dll
0x00007ffeaf1f0000 - 0x00007ffeaf33d000 	C:\WINDOWS\System32\DriverStore\FileRepository\iigd_dch.inf_amd64_0955b895c8fb702b\igdml64.dll
0x00007ffeea650000 - 0x00007ffeeaa90000 	C:\WINDOWS\System32\DriverStore\FileRepository\iigd_dch.inf_amd64_0955b895c8fb702b\igdgmm64.dll
0x00007ffee65d0000 - 0x00007ffeea64a000 	C:\WINDOWS\System32\DriverStore\FileRepository\iigd_dch.inf_amd64_0955b895c8fb702b\igc64.dll
0x00007ffedc2c0000 - 0x00007ffedc410000 	C:\WINDOWS\SYSTEM32\textinputframework.dll
0x00007ffeed510000 - 0x00007ffeed7f3000 	C:\WINDOWS\SYSTEM32\CoreUIComponents.dll
0x00007ffed8eb0000 - 0x00007ffed8f0e000 	C:\Users\COHOTECH.VN\AppData\Local\Temp\lwjgl_COHOTECH.VN\3.3.3+5\x64\lwjgl_opengl.dll

dbghelp: loaded successfully - version: 4.0.5 - missing functions: none
symbol engine: initialized successfully - sym options: 0x614 - pdb path: .;C:\Users\COHOTECH.VN\.jdks\corretto-21.0.2\bin;C:\WINDOWS\SYSTEM32;C:\WINDOWS\WinSxS\amd64_microsoft.windows.common-controls_6595b64144ccf1df_6.0.26100.4484_none_3e0e6d4ce32ef3b3;C:\Users\COHOTECH.VN\.jdks\corretto-21.0.2\bin\server;D:\IDE\IntelliJ IDEA 2023.3.4\bin;C:\Users\COHOTECH.VN\AppData\Local\Temp\lwjgl_COHOTECH.VN\3.3.3+5\x64;C:\WINDOWS\System32\DriverStore\FileRepository\iigd_dch.inf_amd64_0955b895c8fb702b

VM Arguments:
jvm_args: -Djava.library.path=target/natives -javaagent:D:\IDE\IntelliJ IDEA 2023.3.4\lib\idea_rt.jar=62443:D:\IDE\IntelliJ IDEA 2023.3.4\bin -Dfile.encoding=UTF-8 -Dsun.stdout.encoding=UTF-8 -Dsun.stderr.encoding=UTF-8 
java_command: org.example.Main
java_class_path (initial): D:\Code\SubjectProject\DHMT\ComputerGraphics\target\classes;C:\Users\COHOTECH.VN\.m2\repository\org\lwjgl\lwjgl\3.3.3\lwjgl-3.3.3.jar;C:\Users\COHOTECH.VN\.m2\repository\org\lwjgl\lwjgl-opengl\3.3.3\lwjgl-opengl-3.3.3.jar;C:\Users\COHOTECH.VN\.m2\repository\org\lwjgl\lwjgl-glfw\3.3.3\lwjgl-glfw-3.3.3.jar;C:\Users\COHOTECH.VN\.m2\repository\org\lwjgl\lwjgl\3.3.3\lwjgl-3.3.3-natives-windows.jar;C:\Users\COHOTECH.VN\.m2\repository\org\lwjgl\lwjgl-opengl\3.3.3\lwjgl-opengl-3.3.3-natives-windows.jar;C:\Users\COHOTECH.VN\.m2\repository\org\lwjgl\lwjgl-glfw\3.3.3\lwjgl-glfw-3.3.3-natives-windows.jar;C:\Users\COHOTECH.VN\.m2\repository\org\lwjgl\lwjgl-openal\3.3.3\lwjgl-openal-3.3.3.jar;C:\Users\COHOTECH.VN\.m2\repository\org\lwjgl\lwjgl-openal\3.3.3\lwjgl-openal-3.3.3-natives-windows.jar
Launcher Type: SUN_STANDARD

[Global flags]
     intx CICompilerCount                          = 4                                         {product} {ergonomic}
     uint ConcGCThreads                            = 2                                         {product} {ergonomic}
     uint G1ConcRefinementThreads                  = 8                                         {product} {ergonomic}
   size_t G1HeapRegionSize                         = 2097152                                   {product} {ergonomic}
    uintx GCDrainStackTargetSize                   = 64                                        {product} {ergonomic}
   size_t InitialHeapSize                          = 264241152                                 {product} {ergonomic}
   size_t MarkStackSize                            = 4194304                                   {product} {ergonomic}
   size_t MaxHeapSize                              = 4221566976                                {product} {ergonomic}
   size_t MaxNewSize                               = 2531262464                                {product} {ergonomic}
   size_t MinHeapDeltaBytes                        = 2097152                                   {product} {ergonomic}
   size_t MinHeapSize                              = 8388608                                   {product} {ergonomic}
    uintx NonNMethodCodeHeapSize                   = 5839372                                {pd product} {ergonomic}
    uintx NonProfiledCodeHeapSize                  = 122909434                              {pd product} {ergonomic}
    uintx ProfiledCodeHeapSize                     = 122909434                              {pd product} {ergonomic}
    uintx ReservedCodeCacheSize                    = 251658240                              {pd product} {ergonomic}
     bool SegmentedCodeCache                       = true                                      {product} {ergonomic}
   size_t SoftMaxHeapSize                          = 4221566976                             {manageable} {ergonomic}
     bool UseCompressedOops                        = true                           {product lp64_product} {ergonomic}
     bool UseG1GC                                  = true                                      {product} {ergonomic}
     bool UseLargePagesIndividualAllocation        = false                                  {pd product} {ergonomic}

Logging:
Log output configuration:
 #0: stdout all=warning uptime,level,tags foldmultilines=false
 #1: stderr all=off uptime,level,tags foldmultilines=false

Environment Variables:
JAVA_HOME=C:\Program Files\Java\jdk-22.0.2
PATH=C:\Program Files\Common Files\Oracle\Java\javapath;C:\WINDOWS\system32;C:\WINDOWS;C:\WINDOWS\System32\Wbem;C:\WINDOWS\System32\WindowsPowerShell\v1.0\;C:\WINDOWS\System32\OpenSSH\;C:\Program Files\nodejs\;D:\Git\cmd;C:\Users\COHOTECH.VN\Downloads\apache-maven-3.9.9-bin\apache-maven-3.9.9\bin;C:\Program Files\Java\jdk-22.0.2\bin;;C:\Program Files\Docker\Docker\resources\bin;C:\Users\COHOTECH.VN\.console-ninja\.bin;C:\Users\COHOTECH.VN\AppData\Local\Microsoft\WindowsApps;D:\IntelliJ IDEA 2023.3.4\bin;D:\Microsoft VS Code\bin;D:\IDE\Microsoft VS Code\bin;C:\Users\COHOTECH.VN\AppData\Roaming\npm;C:\Users\COHOTECH.VN\AppData\Local\Microsoft\WindowsApps
USERNAME=COHOTECH.VN
OS=Windows_NT
PROCESSOR_IDENTIFIER=Intel64 Family 6 Model 140 Stepping 1, GenuineIntel
TMP=C:\Users\COHOTECH.VN\AppData\Local\Temp
TEMP=C:\Users\COHOTECH.VN\AppData\Local\Temp




Periodic native trim disabled

---------------  S Y S T E M  ---------------

OS:
 Windows 11 , 64 bit Build 26100 (10.0.26100.4484)
OS uptime: 9 days 14:07 hours
Hyper-V role detected

CPU: total 8 (initial active 8) (4 cores per cpu, 2 threads per core) family 6 model 140 stepping 1 microcode 0xac, cx8, cmov, fxsr, ht, mmx, 3dnowpref, sse, sse2, sse3, ssse3, sse4.1, sse4.2, popcnt, lzcnt, tsc, tscinvbit, avx, avx2, aes, erms, clmul, bmi1, bmi2, adx, avx512f, avx512dq, avx512cd, avx512bw, avx512vl, sha, fma, vzeroupper, avx512_vpopcntdq, avx512_vpclmulqdq, avx512_vaes, avx512_vnni, clflush, clflushopt, clwb, avx512_vbmi2, avx512_vbmi, hv, rdtscp, rdpid, fsrm, gfni, avx512_bitalg, f16c, cet_ibt, cet_ss, avx512_ifma
Processor Information for processor 0
  Max Mhz: 2803, Current Mhz: 1001, Mhz Limit: 1177
Processor Information for processor 1
  Max Mhz: 2803, Current Mhz: 1001, Mhz Limit: 1177
Processor Information for processor 2
  Max Mhz: 2803, Current Mhz: 1001, Mhz Limit: 1177
Processor Information for processor 3
  Max Mhz: 2803, Current Mhz: 1201, Mhz Limit: 1177
Processor Information for processor 4
  Max Mhz: 2803, Current Mhz: 1001, Mhz Limit: 1177
Processor Information for processor 5
  Max Mhz: 2803, Current Mhz: 1001, Mhz Limit: 1177
Processor Information for processor 6
  Max Mhz: 2803, Current Mhz: 1201, Mhz Limit: 1177
Processor Information for processor 7
  Max Mhz: 2803, Current Mhz: 1001, Mhz Limit: 1177

Memory: 4k page, system-wide physical 16103M (4206M free)
TotalPageFile size 33511M (AvailPageFile size 17745M)
current process WorkingSet (physical memory assigned to process): 82M, peak: 115M
current process commit charge ("private bytes"): 362M, peak: 371M

vm_info: OpenJDK 64-Bit Server VM (21.0.2+13-LTS) for windows-amd64 JRE (21.0.2+13-LTS), built on 2024-01-10T23:18:03Z by "Administrator" with MS VC++ 16.10 / 16.11 (VS2019)

END.
